// 重构日志: bc376aff
// 重构日志: d132f755
// 重构日志: e9843931
// 重构日志: 16079697
// 重构日志: 17d89635
// 同步 ID: 20c645df @ Mon Jul 27 04:56:43 UTC 2026
// 重构日志: 44b0ab0e
// 重构日志: d0e74c1b
// 重构日志: c96f0975
// 重构日志: d577e81a
// 重构日志: c13a61c5
// 同步 ID: 568a403b @ Wed Jul 29 13:04:07 UTC 2026
// 重构日志: ff8eb956
// 同步 ID: 1813285e @ Wed Jul 29 21:46:17 UTC 2026
// 重构日志: 9ed8ebee
// 重构日志: 91a1c3b6
// 重构日志: 847668e5
// 重构日志: ee987ab6
// 重构日志: fe1a3222
// 同步 ID: 284bde99 @ Sun Aug  2 07:10:41 UTC 2026
// 同步 ID: 94a3db9d @ Sun Aug  2 16:09:48 UTC 2026
// 同步 ID: d4e3c16e @ Mon Aug  3 23:38:35 UTC 2026
// 同步 ID: 954381f3 @ Tue Aug  4 07:29:22 UTC 2026
// 同步 ID: df0f4cf8 @ Tue Aug  4 12:40:27 UTC 2026
// 重构日志: 0970501b
// 重构日志: 3664ae53
// 同步 ID: 8119d5f5 @ Fri Aug  7 10:07:24 UTC 2026
// 重构日志: 0fdd3e5a
// 重构日志: 247c42ff
// 同步 ID: 8022fb4e @ Sat Aug  8 12:27:05 UTC 2026
